// Jest Snapshot v1, https://goo.gl/fbAQLP

exports[`ArticleItem: render renders article item correctly 1`] = `
<section>
  <a
    className="list-item"
    rel="noopener noreferrer"
    target="_blank"
  >
    <img
      alt="Article image"
      className="list-item-image"
    />
    <h3 />
    <p />
  </a>
</section>
`;
